[INFO] Scanning for projects...
[INFO] 
[INFO] -------------------< com.bookseva:bookseva-backend >--------------------
[INFO] Building bookseva-backend 0.0.1-SNAPSHOT
[INFO]   from pom.xml
[INFO] --------------------------------[ jar ]---------------------------------
[INFO] 
[INFO] >>> spring-boot:4.1.0:run (default-cli) > test-compile @ bookseva-backend >>>
[INFO] 
[INFO] --- resources:3.5.0:resources (default-resources) @ bookseva-backend ---
[INFO] Copying 1 resource from src/main/resources to target/classes
[INFO] Copying 0 resource from src/main/resources to target/classes
[INFO] 
[INFO] --- compiler:3.15.0:compile (default-compile) @ bookseva-backend ---
[INFO] Nothing to compile - all classes are up to date.
[INFO] 
[INFO] --- resources:3.5.0:testResources (default-testResources) @ bookseva-backend ---
[INFO] skip non existing resourceDirectory /Users/shubham/Desktop/cdac project/bookseva/backend/src/test/resources
[INFO] 
[INFO] --- compiler:3.15.0:testCompile (default-testCompile) @ bookseva-backend ---
[INFO] Recompiling the module because of changed source code.
[INFO] Compiling 1 source file with javac [debug parameters release 17] to target/test-classes
[INFO] Annotation processing is enabled because one or more processors were found
  on the class path. A future release of javac may disable annotation processing
  unless at least one processor is specified by name (-processor), or a search
  path is specified (--processor-path, --processor-module-path), or annotation
  processing is enabled explicitly (-proc:only, -proc:full).
  Use -Xlint:-options to suppress this message.
  Use -proc:none to disable annotation processing.
[INFO] 
[INFO] <<< spring-boot:4.1.0:run (default-cli) < test-compile @ bookseva-backend <<<
[INFO] 
[INFO] 
[INFO] --- spring-boot:4.1.0:run (default-cli) @ bookseva-backend ---
[INFO] Attaching agents: []

  .   ____          _            __ _ _
 /\\ / ___'_ __ _ _(_)_ __  __ _ \ \ \ \
( ( )\___ | '_ | '_| | '_ \/ _` | \ \ \ \
 \\/  ___)| |_)| | | | | || (_| |  ) ) ) )
  '  |____| .__|_| |_|_| |_\__, | / / / /
 =========|_|==============|___/=/_/_/_/

 :: Spring Boot ::                (v4.1.0)

2026-07-26T12:04:21.148+05:30  INFO 21924 --- [bookseva-backend] [           main] c.bookseva.BooksevaBackendApplication    : Starting BooksevaBackendApplication using Java 21.0.3 with PID 21924 (/Users/shubham/Desktop/cdac project/bookseva/backend/target/classes started by shubham in /Users/shubham/Desktop/cdac project/bookseva/backend)
2026-07-26T12:04:21.150+05:30  INFO 21924 --- [bookseva-backend] [           main] c.bookseva.BooksevaBackendApplication    : No active profile set, falling back to 1 default profile: "default"
2026-07-26T12:04:21.673+05:30  INFO 21924 --- [bookseva-backend] [           main] .s.d.r.c.RepositoryConfigurationDelegate : Bootstrapping Spring Data JPA repositories in DEFAULT mode.
2026-07-26T12:04:21.735+05:30  INFO 21924 --- [bookseva-backend] [           main] .s.d.r.c.RepositoryConfigurationDelegate : Finished Spring Data repository scanning in 57 ms. Found 16 JPA repository interfaces.
2026-07-26T12:04:22.023+05:30  INFO 21924 --- [bookseva-backend] [           main] o.s.boot.tomcat.TomcatWebServer          : Tomcat initialized with port 8080 (http)
2026-07-26T12:04:22.033+05:30  INFO 21924 --- [bookseva-backend] [           main] o.apache.catalina.core.StandardService   : Starting service [Tomcat]
2026-07-26T12:04:22.033+05:30  INFO 21924 --- [bookseva-backend] [           main] o.apache.catalina.core.StandardEngine    : Starting Servlet engine: [Apache Tomcat/11.0.22]
2026-07-26T12:04:22.073+05:30  INFO 21924 --- [bookseva-backend] [           main] b.w.c.s.WebApplicationContextInitializer : Root WebApplicationContext: initialization completed in 895 ms
2026-07-26T12:04:22.159+05:30  INFO 21924 --- [bookseva-backend] [           main] org.hibernate.orm.jpa                    : HHH008540: Processing PersistenceUnitInfo [name: default]
2026-07-26T12:04:22.202+05:30  INFO 21924 --- [bookseva-backend] [           main] org.hibernate.orm.core                   : HHH000001: Hibernate ORM core version 7.4.1.Final
2026-07-26T12:04:22.421+05:30  INFO 21924 --- [bookseva-backend] [           main] o.s.o.j.p.SpringPersistenceUnitInfo      : No LoadTimeWeaver setup: ignoring JPA class transformer
2026-07-26T12:04:22.439+05:30  INFO 21924 --- [bookseva-backend] [           main] com.zaxxer.hikari.HikariDataSource       : HikariPool-1 - Starting...
2026-07-26T12:04:22.790+05:30  INFO 21924 --- [bookseva-backend] [           main] com.zaxxer.hikari.pool.HikariPool        : HikariPool-1 - Added connection com.mysql.cj.jdbc.ConnectionImpl@369fb99a
2026-07-26T12:04:22.791+05:30  INFO 21924 --- [bookseva-backend] [           main] com.zaxxer.hikari.HikariDataSource       : HikariPool-1 - Start completed.
2026-07-26T12:04:22.851+05:30  WARN 21924 --- [bookseva-backend] [           main] org.hibernate.orm.deprecation            : HHH90000025: MySQLDialect does not need to be specified explicitly using 'hibernate.dialect' (remove the property setting and it will be selected by default)
2026-07-26T12:04:22.860+05:30  INFO 21924 --- [bookseva-backend] [           main] org.hibernate.orm.connections.pooling    : HHH10001005: Database info:
	Database JDBC URL [jdbc:mysql://localhost:3306/bookseva]
	Database driver: MySQL Connector/J
	Database dialect: MySQLDialect
	Database version: 9.6
	Default catalog/schema: bookseva/undefined
	Autocommit mode: undefined/unknown
	Isolation level: REPEATABLE_READ [default REPEATABLE_READ]
	JDBC fetch size: none
	Pool: DataSourceConnectionProvider
	Minimum pool size: undefined/unknown
	Maximum pool size: undefined/unknown
2026-07-26T12:04:23.602+05:30  INFO 21924 --- [bookseva-backend] [           main] org.hibernate.orm.core                   : HHH000489: No JTA platform available (set 'hibernate.transaction.jta.platform' to enable JTA platform integration)
2026-07-26T12:04:23.718+05:30  INFO 21924 --- [bookseva-backend] [           main] j.LocalContainerEntityManagerFactoryBean : Initialized JPA EntityManagerFactory for persistence unit 'default'
2026-07-26T12:04:23.757+05:30  INFO 21924 --- [bookseva-backend] [           main] o.s.d.j.r.query.QueryEnhancerFactories   : Hibernate is in classpath; If applicable, HQL parser will be used.
2026-07-26T12:04:24.595+05:30  WARN 21924 --- [bookseva-backend] [           main] JpaBaseConfiguration$JpaWebConfiguration : spring.jpa.open-in-view is enabled by default. Therefore, database queries may be performed during view rendering. Explicitly configure spring.jpa.open-in-view to disable this warning
2026-07-26T12:04:24.640+05:30  INFO 21924 --- [bookseva-backend] [           main] eAuthenticationProviderManagerConfigurer : Global AuthenticationManager configured with AuthenticationProvider bean with name authenticationProvider
2026-07-26T12:04:24.640+05:30  WARN 21924 --- [bookseva-backend] [           main] r$InitializeUserDetailsManagerConfigurer : Global AuthenticationManager configured with an AuthenticationProvider bean. UserDetailsService beans will not be used by Spring Security for automatically configuring username/password login. Consider removing the AuthenticationProvider bean. Alternatively, consider using the UserDetailsService in a manually instantiated DaoAuthenticationProvider. If the current configuration is intentional, to turn off this warning, increase the logging level of 'org.springframework.security.config.annotation.authentication.configuration.InitializeUserDetailsBeanManagerConfigurer' to ERROR
2026-07-26T12:04:24.867+05:30  INFO 21924 --- [bookseva-backend] [           main] o.s.boot.tomcat.TomcatWebServer          : Tomcat started on port 8080 (http) with context path '/'
2026-07-26T12:04:24.872+05:30  INFO 21924 --- [bookseva-backend] [           main] c.bookseva.BooksevaBackendApplication    : Started BooksevaBackendApplication in 3.975 seconds (process running for 4.221)
Hibernate: 
    select
        count(*) 
    from
        users u1_0
2026-07-26T12:04:24.911+05:30  INFO 21924 --- [bookseva-backend] [           main] com.bookseva.config.DummyDataSeeder      : Dummy data already exists, skipping seeding.
Hibernate: 
    select
        u1_0.id,
        u1_0.college_name,
        u1_0.course_branch,
        u1_0.created_at,
        u1_0.email,
        u1_0.name,
        u1_0.password_hash,
        u1_0.phone,
        u1_0.role,
        u1_0.status,
        u1_0.trust_score 
    from
        users u1_0 
    where
        u1_0.email=?
2026-07-26T12:04:24.955+05:30  INFO 21924 --- [bookseva-backend] [           main] com.bookseva.config.AdminSeeder          : Admin user with email bookseva123@gmail.com already exists.
2026-07-26T12:04:29.977+05:30  INFO 21924 --- [bookseva-backend] [nio-8080-exec-1] o.a.c.c.C.[Tomcat].[localhost].[/]       : Initializing Spring DispatcherServlet 'dispatcherServlet'
2026-07-26T12:04:29.977+05:30  INFO 21924 --- [bookseva-backend] [nio-8080-exec-1] o.s.web.servlet.DispatcherServlet        : Initializing Servlet 'dispatcherServlet'
2026-07-26T12:04:29.981+05:30  INFO 21924 --- [bookseva-backend] [nio-8080-exec-1] o.s.web.servlet.DispatcherServlet        : Completed initialization in 4 ms
[INFO] ------------------------------------------------------------------------
[INFO] BUILD FAILURE
[INFO] ------------------------------------------------------------------------
[INFO] Total time:  03:35 min
[INFO] Finished at: 2026-07-26T12:07:55+05:30
[INFO] ------------------------------------------------------------------------
[ERROR] Failed to execute goal org.springframework.boot:spring-boot-maven-plugin:4.1.0:run (default-cli) on project bookseva-backend: Process terminated with exit code: 137 -> [Help 1]
[ERROR] 
[ERROR] To see the full stack trace of the errors, re-run Maven with the -e switch.
[ERROR] Re-run Maven using the -X switch to enable full debug logging.
[ERROR] 
[ERROR] For more information about the errors and possible solutions, please read the following articles:
[ERROR] [Help 1] http://cwiki.apache.org/confluence/display/MAVEN/MojoExecutionException
